<main
  data-testid="home-page"
>
  <div
    class=" h-[70vh] p-[3vh] 2xl:p-[7vh] flex flex-col relative"
  >
    <img
      alt="image of a tree under a starry night sky"
      class="z-[-1]"
      data-nimg="fill"
      decoding="async"
      loading="lazy"
      sizes="100vw"
      src="/_next/image?url=%2Fimages%2Fshare-findings.jpg&w=3840&q=75"
      srcset="/_next/image?url=%2Fimages%2Fshare-findings.jpg&w=640&q=75 640w, /_next/image?url=%2Fimages%2Fshare-findings.jpg&w=750&q=75 750w, /_next/image?url=%2Fimages%2Fshare-findings.jpg&w=828&q=75 828w, /_next/image?url=%2Fimages%2Fshare-findings.jpg&w=1080&q=75 1080w, /_next/image?url=%2Fimages%2Fshare-findings.jpg&w=1200&q=75 1200w, /_next/image?url=%2Fimages%2Fshare-findings.jpg&w=1920&q=75 1920w, /_next/image?url=%2Fimages%2Fshare-findings.jpg&w=2048&q=75 2048w, /_next/image?url=%2Fimages%2Fshare-findings.jpg&w=3840&q=75 3840w"
      style="position: absolute; height: 100%; width: 100%; left: 0px; top: 0px; right: 0px; bottom: 0px; color: transparent;"
    />
    <div
      class="mt-20 space-y-5"
    >
      <h1
        class="font-thin text-[4rem]"
      >
        Share your findings
      </h1>
      <h1
        class="font-light text-3xl ml-10"
      >
        with 
        <span
          class="font-semibold"
        >
          everyone
        </span>
      </h1>
    </div>
    <div
      class="flex-1 flex justify-center"
    >
      <a
        class="p-5 rounded-lg self-end hover:bg-teal-400 bg-teal-500 transition"
        href="/global"
      >
        View Global Hub
      </a>
    </div>
  </div>
  <div
    class="m-[15vh]"
  >
    <h1
      class="text-[2rem]"
    >
      Tell the world what 
    </h1>
    <h1
      class="text-[4rem]"
    >
      you've found
    </h1>
    <div
      class="mx-auto text-center flex items-center justify-center"
    >
      <svg
        class="stroke-[0.2] stroke-yellow-100 h-[12rem] "
        fill="none"
        height="800px"
        viewBox="0 0 24 24"
        width="800px"
        xmlns="http://www.w3.org/2000/svg"
      >
        <path
          d="M12 6.90909C10.8999 5.50893 9.20406 4.10877 5.00119 4.00602C4.72513 3.99928 4.5 4.22351 4.5 4.49965C4.5 6.54813 4.5 14.3034 4.5 16.597C4.5 16.8731 4.72515 17.09 5.00114 17.099C9.20405 17.2364 10.8999 19.0998 12 20.5M12 6.90909C13.1001 5.50893 14.7959 4.10877 18.9988 4.00602C19.2749 3.99928 19.5 4.21847 19.5 4.49461C19.5 6.78447 19.5 14.3064 19.5 16.5963C19.5 16.8724 19.2749 17.09 18.9989 17.099C14.796 17.2364 13.1001 19.0998 12 20.5M12 6.90909L12 20.5"
          stroke-linejoin="round"
        />
        <path
          d="M19.2353 6H21.5C21.7761 6 22 6.22386 22 6.5V19.539C22 19.9436 21.5233 20.2124 21.1535 20.0481C20.3584 19.6948 19.0315 19.2632 17.2941 19.2632C14.3529 19.2632 12 21 12 21C12 21 9.64706 19.2632 6.70588 19.2632C4.96845 19.2632 3.64156 19.6948 2.84647 20.0481C2.47668 20.2124 2 19.9436 2 19.539V6.5C2 6.22386 2.22386 6 2.5 6H4.76471"
          stroke-linejoin="round"
        />
      </svg>
    </div>
    <p
      class="mt-[10vh] text-end"
    >
      A place to 
      <strong>
        store your ideas
      </strong>
      <br />
      <em>
        and explore others
      </em>
    </p>
  </div>
</main>